
> backend@1.0.0 test
> vitest run challenges-integration.test.js


[1m[46m RUN [49m[22m [36mv4.0.18 [39m[90mC:/Users/HUSSAIN/Desktop/ZAHID/ai tutor/ai-coding-tutor/backend[39m

node.exe : 
[90mstderr[2m | tests
/integration/challenges
-integration.test.js[2
m > 
[22m[2mChallenges 
Integration Tests[2m 
> [22m[2mPOST /api/ch
allenges/:id/hint[2m 
> [22m[2mhandles AI 
service failures 
gracefully
At line:1 char:1
+ & "C:\Program 
Files\nodejs/node.exe" 
"C:\Users\HUSSAIN\AppDa
ta\Roamin ...
+ ~~~~~~~~~~~~~~~~~~~~~
~~~~~~~~~~~~~~~~~~~~~~~
~~~~~~~~~~~~~~~~~~~~~~~
~~
    + CategoryInfo     
         : NotSpecifi  
  ed: ([90mstderr[   
 2m...ures graceful    
ly:String) [], Rem    
oteException
    + FullyQualifiedEr 
   rorId : NativeComm  
  andError
 
[22m[39mGroq getHint 
error: Connection 
error.

[90mstderr[2m | tests
/integration/challenges
-integration.test.js[2
m > 
[22m[2mChallenges 
Integration Tests[2m 
> [22m[2mPOST /api/ch
allenges/:id/hint[2m 
> [22m[2mhandles AI 
service failures 
gracefully
[22m[39mGet hint 
error: Error: Failed 
to get hint. Please 
try again.
    at getHint [90m(C:
\Users\HUSSAIN\Desktop\
ZAHID\ai tutor\ai-codin
g-tutor\backend\[39mse
rvices\aiService.js:299
:15[90m)[39m
[90m    at processTick
sAndRejections (node:in
ternal/process/task_que
ues:103:5)[39m
    at C:/Users/HUSSAIN
/Desktop/ZAHID/ai tutor
/ai-coding-tutor/backen
d/routes/challenges.js:
223:25

[90mstderr[2m | tests
/integration/challenges
-integration.test.js[2
m > 
[22m[2mChallenges 
Integration Tests[2m 
> [22m[2mPOST /api/ch
allenges/generate[2m 
> [22m[2mhandles AI 
generation failures
[22m[39mGroq generate
ChallengeFromSpec 
error: Connection 
error.

[90mstderr[2m | tests
/integration/challenges
-integration.test.js[2
m > 
[22m[2mChallenges 
Integration Tests[2m 
> [22m[2mPOST /api/ch
allenges/generate[2m 
> [22m[2mhandles AI 
generation failures
[22m[39mGenerate 
challenge error: 
Error: Failed to 
generate challenge. 
Please try again.
    at generateChalleng
eFromSpec [90m(C:\User
s\HUSSAIN\Desktop\ZAHID
\ai tutor\ai-coding-tut
or\backend\[39mservice
s\aiService.js:195:15[
90m)[39m
[90m    at processTick
sAndRejections (node:in
ternal/process/task_que
ues:103:5)[39m
    at 
generateChallenge [90m
(C:\Users\HUSSAIN\Deskt
op\ZAHID\ai tutor\ai-co
ding-tutor\backend\[39
mservices\aiService.js:
220:27[90m)[39m
    at C:/Users/HUSSAIN
/Desktop/ZAHID/ai tutor
/ai-coding-tutor/backen
d/routes/challenges.js:
86:27

 [32mΓ£ô[39m tests/integration/challenges-integration.test.js [2m([22m[2m14 tests[22m[2m)[22m[33m 3345[2mms[22m[39m
       [33m[2mΓ£ô[22m[39m handles AI service failures gracefully [33m 1434[2mms[22m[39m
       [33m[2mΓ£ô[22m[39m handles AI generation failures [33m 1453[2mms[22m[39m

[2m Test Files [22m [1m[32m1 passed[39m[22m[90m (1)[39m
[2m      Tests [22m [1m[32m14 passed[39m[22m[90m (14)[39m
[2m   Start at [22m 01:05:05
[2m   Duration [22m 5.49s[2m (transform 133ms, setup 170ms, import 1.44s, tests 3.35s, environment 0ms)[22m

